{
    "-profile test_mafft": {
        "content": [
            {
                "EPANG_PLACE": {
                    "epa-ng": "0.3.8"
                },
                "EPANG_SPLIT_MAFFT": {
                    "epa-ng": "0.3.8"
                },
                "GAPPA_ASSIGN": {
                    "gappa": "0.8.0"
                },
                "GAPPA_GRAFT": {
                    "gappa": "0.8.0"
                },
                "GAPPA_HEATTREE": {
                    "gappa": "0.8.0"
                },
                "MAFFT_ALIGN": {
                    "mafft": "v7.520 (2023/Mar/22)",
                    "pigz": 2.8
                },
                "Workflow": {
                    "nf-core/phyloplace": "v2.1.0dev"
                }
            },
            [
                "epang",
                "epang/placement.epa_info.log",
                "epang/placement.epa_result.jplace.gz",
                "epang/placement.query.fasta.gz",
                "epang/placement.reference.fasta.gz",
                "gappa",
                "gappa/placement.graft.placement.epa_result.newick",
                "gappa/placement.heattree.colours.txt",
                "gappa/placement.heattree.log",
                "gappa/placement.heattree.tree.nexus",
                "gappa/placement.heattree.tree.phyloxml",
                "gappa/placement.heattree.tree.svg",
                "gappa/placement.taxonomy.krona.profile",
                "gappa/placement.taxonomy.labelled_tree.newick",
                "gappa/placement.taxonomy.per_query.tsv",
                "gappa/placement.taxonomy.profile.tsv",
                "gappa/placement.taxonomy.sativa.tsv",
                "mafft",
                "mafft/placement.fas",
                "multiqc",
                "multiqc/multiqc_data",
                "multiqc/multiqc_data/llms-full.txt",
                "multiqc/multiqc_data/multiqc.log",
                "multiqc/multiqc_data/multiqc.parquet",
                "multiqc/multiqc_data/multiqc_citations.txt",
                "multiqc/multiqc_data/multiqc_data.json",
                "multiqc/multiqc_data/multiqc_software_versions.txt",
                "multiqc/multiqc_data/multiqc_sources.txt",
                "multiqc/multiqc_report.html",
                "pipeline_info",
                "pipeline_info/nf_core_phyloplace_software_mqc_versions.yml"
            ],
            [
                "placement.query.fasta.gz:md5,ff1159ff8a5d2587fb20309a81da3c29",
                "placement.reference.fasta.gz:md5,e7753871101c48c42fc417ce0e9b398a",
                "placement.heattree.colours.txt:md5,7704cd341c8693981253ba6d740c1061",
                "placement.taxonomy.labelled_tree.newick:md5,39de8a46303ea757f6eb94478db1ffe0",
                "placement.fas:md5,30090ede37d92efe6000c5d1436f6b26",
                "multiqc_citations.txt:md5,4c806e63a283ec1b7e78cdae3a923d4f"
            ],
            6,
            5,
            2
        ],
        "timestamp": "2026-06-16T10:51:02.122600642",
        "meta": {
            "nf-test": "0.9.5",
            "nextflow": "26.04.3"
        }
    }
}