{
    "-profile test_phyloplace_input": {
        "content": [
            {
                "EPANG_PLACE": {
                    "epang": "0.3.8"
                },
                "EPANG_SPLIT_MAFFT": {
                    "epang": "0.3.8"
                },
                "GAPPA_ASSIGN": {
                    "gappa": "0.8.0"
                },
                "GAPPA_GRAFT": {
                    "gappa": "0.8.0"
                },
                "GAPPA_HEATTREE": {
                    "gappa": "0.8.0"
                },
                "HMMER_AFAFORMATQUERY": {
                    "hmmer/easel": 0.48
                },
                "HMMER_AFAFORMATREF": {
                    "hmmer/easel": 0.48
                },
                "HMMER_HMMALIGNQUERY": {
                    "hmmer": 3.4
                },
                "HMMER_HMMALIGNREF": {
                    "hmmer": 3.4
                },
                "HMMER_HMMBUILD": {
                    "hmmer": 3.4
                },
                "HMMER_MASKQUERY": {
                    "hmmer/easel": 0.48
                },
                "HMMER_MASKREF": {
                    "hmmer/easel": 0.48
                },
                "HMMER_UNALIGNREF": {
                    "hmmer/easel": 0.48
                },
                "MAFFT_ALIGN": {
                    "mafft": 7.52,
                    "pigz": "2.8)"
                },
                "Workflow": {
                    "nf-core/phyloplace": "v2.1.0dev"
                }
            },
            [
                "epang",
                "epang/PF14720mafft.epa_info.log",
                "epang/PF14720mafft.epa_result.jplace.gz",
                "epang/PF14720mafft.query.fasta.gz",
                "epang/PF14720mafft.reference.fasta.gz",
                "epang/PF14720wo.epa_info.log",
                "epang/PF14720wo.epa_result.jplace.gz",
                "epang/PF14720wt.epa_info.log",
                "epang/PF14720wt.epa_result.jplace.gz",
                "epang/nuc_hmmer.epa_info.log",
                "epang/nuc_hmmer.epa_result.jplace.gz",
                "epang/nuc_mafft.epa_info.log",
                "epang/nuc_mafft.epa_result.jplace.gz",
                "epang/nuc_mafft.query.fasta.gz",
                "epang/nuc_mafft.reference.fasta.gz",
                "gappa",
                "gappa/PF14720mafft.graft.PF14720mafft.epa_result.newick",
                "gappa/PF14720mafft.heattree.colours.txt",
                "gappa/PF14720mafft.heattree.log",
                "gappa/PF14720mafft.heattree.tree.nexus",
                "gappa/PF14720mafft.heattree.tree.phyloxml",
                "gappa/PF14720mafft.heattree.tree.svg",
                "gappa/PF14720mafft.taxonomy.krona.profile",
                "gappa/PF14720mafft.taxonomy.labelled_tree.newick",
                "gappa/PF14720mafft.taxonomy.per_query.tsv",
                "gappa/PF14720mafft.taxonomy.profile.tsv",
                "gappa/PF14720mafft.taxonomy.sativa.tsv",
                "gappa/PF14720wo.graft.PF14720wo.epa_result.newick",
                "gappa/PF14720wo.heattree.colours.txt",
                "gappa/PF14720wo.heattree.log",
                "gappa/PF14720wo.heattree.tree.nexus",
                "gappa/PF14720wo.heattree.tree.phyloxml",
                "gappa/PF14720wo.heattree.tree.svg",
                "gappa/PF14720wt.graft.PF14720wt.epa_result.newick",
                "gappa/PF14720wt.heattree.colours.txt",
                "gappa/PF14720wt.heattree.log",
                "gappa/PF14720wt.heattree.tree.nexus",
                "gappa/PF14720wt.heattree.tree.phyloxml",
                "gappa/PF14720wt.heattree.tree.svg",
                "gappa/PF14720wt.taxonomy.krona.profile",
                "gappa/PF14720wt.taxonomy.labelled_tree.newick",
                "gappa/PF14720wt.taxonomy.per_query.tsv",
                "gappa/PF14720wt.taxonomy.profile.tsv",
                "gappa/PF14720wt.taxonomy.sativa.tsv",
                "gappa/nuc_hmmer.graft.nuc_hmmer.epa_result.newick",
                "gappa/nuc_hmmer.heattree.colours.txt",
                "gappa/nuc_hmmer.heattree.log",
                "gappa/nuc_hmmer.heattree.tree.nexus",
                "gappa/nuc_hmmer.heattree.tree.phyloxml",
                "gappa/nuc_hmmer.heattree.tree.svg",
                "gappa/nuc_mafft.graft.nuc_mafft.epa_result.newick",
                "gappa/nuc_mafft.heattree.colours.txt",
                "gappa/nuc_mafft.heattree.log",
                "gappa/nuc_mafft.heattree.tree.nexus",
                "gappa/nuc_mafft.heattree.tree.phyloxml",
                "gappa/nuc_mafft.heattree.tree.svg",
                "hmmer",
                "hmmer/PF14720wo.query.hmmalign.masked.afa.gz",
                "hmmer/PF14720wo.query.hmmalign.masked.sthlm.gz",
                "hmmer/PF14720wo.query.hmmalign.sto.gz",
                "hmmer/PF14720wo.ref.hmm.gz",
                "hmmer/PF14720wo.ref.hmmalign.masked.afa.gz",
                "hmmer/PF14720wo.ref.hmmalign.masked.sthlm.gz",
                "hmmer/PF14720wo.ref.hmmalign.sto.gz",
                "hmmer/PF14720wo.ref.hmmbuild.txt",
                "hmmer/PF14720wo.ref.unaligned.afa.gz",
                "hmmer/PF14720wt.query.hmmalign.masked.afa.gz",
                "hmmer/PF14720wt.query.hmmalign.masked.sthlm.gz",
                "hmmer/PF14720wt.query.hmmalign.sto.gz",
                "hmmer/PF14720wt.ref.hmm.gz",
                "hmmer/PF14720wt.ref.hmmalign.masked.afa.gz",
                "hmmer/PF14720wt.ref.hmmalign.masked.sthlm.gz",
                "hmmer/PF14720wt.ref.hmmalign.sto.gz",
                "hmmer/PF14720wt.ref.hmmbuild.txt",
                "hmmer/PF14720wt.ref.unaligned.afa.gz",
                "hmmer/nuc_hmmer.query.hmmalign.masked.afa.gz",
                "hmmer/nuc_hmmer.query.hmmalign.masked.sthlm.gz",
                "hmmer/nuc_hmmer.query.hmmalign.sto.gz",
                "hmmer/nuc_hmmer.ref.hmm.gz",
                "hmmer/nuc_hmmer.ref.hmmalign.masked.afa.gz",
                "hmmer/nuc_hmmer.ref.hmmalign.masked.sthlm.gz",
                "hmmer/nuc_hmmer.ref.hmmalign.sto.gz",
                "hmmer/nuc_hmmer.ref.hmmbuild.txt",
                "hmmer/nuc_hmmer.ref.unaligned.afa.gz",
                "mafft",
                "mafft/PF14720mafft.fas",
                "mafft/nuc_mafft.fas",
                "multiqc",
                "multiqc/multiqc_data",
                "multiqc/multiqc_data/llms-full.txt",
                "multiqc/multiqc_data/multiqc.log",
                "multiqc/multiqc_data/multiqc.parquet",
                "multiqc/multiqc_data/multiqc_citations.txt",
                "multiqc/multiqc_data/multiqc_data.json",
                "multiqc/multiqc_data/multiqc_software_versions.txt",
                "multiqc/multiqc_data/multiqc_sources.txt",
                "multiqc/multiqc_report.html",
                "pipeline_info",
                "pipeline_info/nf_core_phyloplace_software_mqc_versions.yml"
            ],
            [
                "PF14720mafft.epa_info.log:md5,6607cce7a7fd55481a7bde393dd13a61",
                "PF14720mafft.epa_result.jplace.gz:md5,0d69b99214b6ac6c803a369ab1c5b08b",
                "PF14720mafft.query.fasta.gz:md5,ff1159ff8a5d2587fb20309a81da3c29",
                "PF14720mafft.reference.fasta.gz:md5,e7753871101c48c42fc417ce0e9b398a",
                "PF14720wo.epa_info.log:md5,76aa7be3322d72cc04b9b7e68b332ad9",
                "PF14720wo.epa_result.jplace.gz:md5,ead746f5b962c732edd1bece3e9ccbb6",
                "PF14720wt.epa_info.log:md5,e94f6bad9810f12d144a3eb5cd09244d",
                "PF14720wt.epa_result.jplace.gz:md5,b4b77c7c360a462fa468054db54e79f9",
                "nuc_hmmer.epa_info.log:md5,e36df02022e8f6ac8df570e0a65bd771",
                "nuc_hmmer.epa_result.jplace.gz:md5,43d471794f8684a8c8f543c6052d37f5",
                "nuc_mafft.epa_info.log:md5,162f9d27bcd492fad3fd8bcf650cac4d",
                "nuc_mafft.epa_result.jplace.gz:md5,757cc36e9d468dd4ef837d9bc9237af4",
                "nuc_mafft.query.fasta.gz:md5,2baad0ba34b2e9dc3fed7de404723dd0",
                "nuc_mafft.reference.fasta.gz:md5,7501f39ac2768edf72df4271b2bc81a3",
                "PF14720mafft.graft.PF14720mafft.epa_result.newick:md5,42eef418b47da35dd648b1b137030664",
                "PF14720mafft.heattree.colours.txt:md5,7704cd341c8693981253ba6d740c1061",
                "PF14720mafft.heattree.log:md5,2e7ddfc1807a47cd6bea998af6bfcaaf",
                "PF14720mafft.heattree.tree.nexus:md5,1a06520855723a6a5c9426b321108010",
                "PF14720mafft.heattree.tree.phyloxml:md5,9cb389707ee6e4bcb36c486268001352",
                "PF14720mafft.heattree.tree.svg:md5,a133b062e093ee1f16c1036024515eac",
                "PF14720mafft.taxonomy.krona.profile:md5,5ed6e75d62fba427342dbaa4e85d3225",
                "PF14720mafft.taxonomy.labelled_tree.newick:md5,39de8a46303ea757f6eb94478db1ffe0",
                "PF14720mafft.taxonomy.per_query.tsv:md5,b7370ff9d0b6464987172576a1b881ec",
                "PF14720mafft.taxonomy.profile.tsv:md5,96e36b5e42c04763f1e5e7805b40964a",
                "PF14720mafft.taxonomy.sativa.tsv:md5,9c7f3d02b83da79627d3f5da0c4cb6a5",
                "PF14720wo.graft.PF14720wo.epa_result.newick:md5,1b9415cffdc5b744e7339be64436932e",
                "PF14720wo.heattree.colours.txt:md5,7704cd341c8693981253ba6d740c1061",
                "PF14720wo.heattree.log:md5,7305f1acf208958602cef21778f5f743",
                "PF14720wo.heattree.tree.nexus:md5,e1cfdcb63f3a751677d0e78fb6b9230a",
                "PF14720wo.heattree.tree.phyloxml:md5,ea35b07e4fd8d174fd6b2f204629cc4e",
                "PF14720wo.heattree.tree.svg:md5,c8059cead8e7c6b043b1b08b77d158d7",
                "PF14720wt.graft.PF14720wt.epa_result.newick:md5,1b9415cffdc5b744e7339be64436932e",
                "PF14720wt.heattree.colours.txt:md5,7704cd341c8693981253ba6d740c1061",
                "PF14720wt.heattree.log:md5,ad7b2de063f4cabf5a40b263ef493f9d",
                "PF14720wt.heattree.tree.nexus:md5,e1cfdcb63f3a751677d0e78fb6b9230a",
                "PF14720wt.heattree.tree.phyloxml:md5,ea35b07e4fd8d174fd6b2f204629cc4e",
                "PF14720wt.heattree.tree.svg:md5,483a443ce338564e18cb49e781e743a4",
                "PF14720wt.taxonomy.krona.profile:md5,fde2a35a39df3a84fdf9a070853e9047",
                "PF14720wt.taxonomy.labelled_tree.newick:md5,39de8a46303ea757f6eb94478db1ffe0",
                "PF14720wt.taxonomy.per_query.tsv:md5,6816d410b179835b1961d5b5f0c60ed2",
                "PF14720wt.taxonomy.profile.tsv:md5,e28fcdf71626606af07a25e5743de81b",
                "PF14720wt.taxonomy.sativa.tsv:md5,658c127b0f3a08e6f684fb2d000c25ce",
                "nuc_hmmer.graft.nuc_hmmer.epa_result.newick:md5,5d618ff941bf1992258c445c4c27909a",
                "nuc_hmmer.heattree.colours.txt:md5,060d5679b75e45b2985fd4414c29aa43",
                "nuc_hmmer.heattree.log:md5,3745c74c1d3bbe6f22d7574507a4553c",
                "nuc_hmmer.heattree.tree.nexus:md5,1294e41bdaa326a13b1da3ca82bd9f05",
                "nuc_hmmer.heattree.tree.phyloxml:md5,234da4efeb96c2bbe26915730325122a",
                "nuc_hmmer.heattree.tree.svg:md5,370fb9f9a7768446d38f8f8185fb2bec",
                "nuc_mafft.graft.nuc_mafft.epa_result.newick:md5,0ddf6fe97bad9f97a69b3f8f7cf02a4a",
                "nuc_mafft.heattree.colours.txt:md5,6270886accbc76484791c5a96da851ad",
                "nuc_mafft.heattree.log:md5,fd37e6fcaad81dea1a349c765504ab59",
                "nuc_mafft.heattree.tree.nexus:md5,a36a958375c49b1a643d55e33248f4e9",
                "nuc_mafft.heattree.tree.phyloxml:md5,477726d40623cd9b2ccc0d6c3f8f7985",
                "nuc_mafft.heattree.tree.svg:md5,e7c26bc96ba0318c5e177051114d40da",
                "PF14720wo.query.hmmalign.masked.afa.gz:md5,69b6d82789587f368da4d808ce20744a",
                "PF14720wo.query.hmmalign.masked.sthlm.gz:md5,56a12b2dca9c8374665db99d9af500f3",
                "PF14720wo.query.hmmalign.sto.gz:md5,3ec5592a7fd7188a8d14176d894feea5",
                "PF14720wo.ref.hmm.gz:md5,5efc666db55c854485f0095477eb2bbe",
                "PF14720wo.ref.hmmalign.masked.afa.gz:md5,3452f0d4646209116c3b60f1c77d5ba3",
                "PF14720wo.ref.hmmalign.masked.sthlm.gz:md5,b470181ddc1af95e3b2b5118d1d7a99d",
                "PF14720wo.ref.hmmalign.sto.gz:md5,bf7853d45ac93f47f1722ee2af7ca0dc",
                "PF14720wo.ref.hmmbuild.txt:md5,efecf62a6230c12c5822f81546fbfe5a",
                "PF14720wo.ref.unaligned.afa.gz:md5,157926898092d435beb308f8880a3910",
                "PF14720wt.query.hmmalign.masked.afa.gz:md5,69b6d82789587f368da4d808ce20744a",
                "PF14720wt.query.hmmalign.masked.sthlm.gz:md5,56a12b2dca9c8374665db99d9af500f3",
                "PF14720wt.query.hmmalign.sto.gz:md5,3ec5592a7fd7188a8d14176d894feea5",
                "PF14720wt.ref.hmm.gz:md5,31767fb385e1849bcf141c0acbc65f2a",
                "PF14720wt.ref.hmmalign.masked.afa.gz:md5,3452f0d4646209116c3b60f1c77d5ba3",
                "PF14720wt.ref.hmmalign.masked.sthlm.gz:md5,b470181ddc1af95e3b2b5118d1d7a99d",
                "PF14720wt.ref.hmmalign.sto.gz:md5,bf7853d45ac93f47f1722ee2af7ca0dc",
                "PF14720wt.ref.hmmbuild.txt:md5,426471e79c336f4be618a48fbebef2b1",
                "PF14720wt.ref.unaligned.afa.gz:md5,157926898092d435beb308f8880a3910",
                "nuc_hmmer.query.hmmalign.masked.afa.gz:md5,2b2e05e1e7d0e6947457aff0294c3593",
                "nuc_hmmer.query.hmmalign.masked.sthlm.gz:md5,2a2bf28847245a5c8cafdcd4d135f1e4",
                "nuc_hmmer.query.hmmalign.sto.gz:md5,22ec7a56809b8601940152580ba573f8",
                "nuc_hmmer.ref.hmm.gz:md5,0a410554ed05f8a1626c66ae20f75c29",
                "nuc_hmmer.ref.hmmalign.masked.afa.gz:md5,47e88ae468cb5c07dbe7dda0111b8f75",
                "nuc_hmmer.ref.hmmalign.masked.sthlm.gz:md5,d7b5c3a226f1cd372709097be4711d6d",
                "nuc_hmmer.ref.hmmalign.sto.gz:md5,a7b41fbd6f915854ec3c67ea3d333e9c",
                "nuc_hmmer.ref.hmmbuild.txt:md5,7e97aadba679fc549ee27a8b33164390",
                "nuc_hmmer.ref.unaligned.afa.gz:md5,3cc3e86ece1474c03803c1c3c3810129",
                "PF14720mafft.fas:md5,30090ede37d92efe6000c5d1436f6b26",
                "nuc_mafft.fas:md5,6c36484acde5e80b9f1bbe4a4bc132e6",
                "multiqc_citations.txt:md5,4c806e63a283ec1b7e78cdae3a923d4f"
            ]
        ],
        "timestamp": "2026-06-01T11:56:23.520215112",
        "meta": {
            "nf-test": "0.9.5",
            "nextflow": "26.04.3"
        }
    }
}