{
    "-profile test_phyloplace_input": {
        "content": [
            {
                "EPANG_PLACE": {
                    "epang": "0.3.8"
                },
                "EPANG_SPLIT_MAFFT": {
                    "epang": "0.3.8"
                },
                "GAPPA_ASSIGN": {
                    "gappa": "0.8.0"
                },
                "GAPPA_GRAFT": {
                    "gappa": "0.8.0"
                },
                "GAPPA_HEATTREE": {
                    "gappa": "0.8.0"
                },
                "HMMER_AFAFORMATQUERY": {
                    "hmmer/easel": 0.48
                },
                "HMMER_AFAFORMATREF": {
                    "hmmer/easel": 0.48
                },
                "HMMER_HMMALIGNQUERY": {
                    "hmmer": 3.4
                },
                "HMMER_HMMALIGNREF": {
                    "hmmer": 3.4
                },
                "HMMER_HMMBUILD": {
                    "hmmer": 3.4
                },
                "HMMER_MASKQUERY": {
                    "hmmer/easel": 0.48
                },
                "HMMER_MASKREF": {
                    "hmmer/easel": 0.48
                },
                "HMMER_UNALIGNREF": {
                    "hmmer/easel": 0.48
                },
                "MAFFT_ALIGN": {
                    "mafft": 7.52,
                    "pigz": "2.8)"
                },
                "Workflow": {
                    "nf-core/phyloplace": "v2.1.0dev"
                }
            },
            [
                "epang",
                "epang/PF14720mafft.epa_info.log",
                "epang/PF14720mafft.epa_result.jplace.gz",
                "epang/PF14720mafft.query.fasta.gz",
                "epang/PF14720mafft.reference.fasta.gz",
                "epang/PF14720wo.epa_info.log",
                "epang/PF14720wo.epa_result.jplace.gz",
                "epang/PF14720wt.epa_info.log",
                "epang/PF14720wt.epa_result.jplace.gz",
                "epang/nuc_hmmer.epa_info.log",
                "epang/nuc_hmmer.epa_result.jplace.gz",
                "epang/nuc_mafft.epa_info.log",
                "epang/nuc_mafft.epa_result.jplace.gz",
                "epang/nuc_mafft.query.fasta.gz",
                "epang/nuc_mafft.reference.fasta.gz",
                "gappa",
                "gappa/PF14720mafft.graft.PF14720mafft.epa_result.newick",
                "gappa/PF14720mafft.heattree.colours.txt",
                "gappa/PF14720mafft.heattree.log",
                "gappa/PF14720mafft.heattree.tree.nexus",
                "gappa/PF14720mafft.heattree.tree.phyloxml",
                "gappa/PF14720mafft.heattree.tree.svg",
                "gappa/PF14720mafft.taxonomy.krona.profile",
                "gappa/PF14720mafft.taxonomy.labelled_tree.newick",
                "gappa/PF14720mafft.taxonomy.per_query.tsv",
                "gappa/PF14720mafft.taxonomy.profile.tsv",
                "gappa/PF14720mafft.taxonomy.sativa.tsv",
                "gappa/PF14720wo.graft.PF14720wo.epa_result.newick",
                "gappa/PF14720wo.heattree.colours.txt",
                "gappa/PF14720wo.heattree.log",
                "gappa/PF14720wo.heattree.tree.nexus",
                "gappa/PF14720wo.heattree.tree.phyloxml",
                "gappa/PF14720wo.heattree.tree.svg",
                "gappa/PF14720wt.graft.PF14720wt.epa_result.newick",
                "gappa/PF14720wt.heattree.colours.txt",
                "gappa/PF14720wt.heattree.log",
                "gappa/PF14720wt.heattree.tree.nexus",
                "gappa/PF14720wt.heattree.tree.phyloxml",
                "gappa/PF14720wt.heattree.tree.svg",
                "gappa/PF14720wt.taxonomy.krona.profile",
                "gappa/PF14720wt.taxonomy.labelled_tree.newick",
                "gappa/PF14720wt.taxonomy.per_query.tsv",
                "gappa/PF14720wt.taxonomy.profile.tsv",
                "gappa/PF14720wt.taxonomy.sativa.tsv",
                "gappa/nuc_hmmer.graft.nuc_hmmer.epa_result.newick",
                "gappa/nuc_hmmer.heattree.colours.txt",
                "gappa/nuc_hmmer.heattree.log",
                "gappa/nuc_hmmer.heattree.tree.nexus",
                "gappa/nuc_hmmer.heattree.tree.phyloxml",
                "gappa/nuc_hmmer.heattree.tree.svg",
                "gappa/nuc_mafft.graft.nuc_mafft.epa_result.newick",
                "gappa/nuc_mafft.heattree.colours.txt",
                "gappa/nuc_mafft.heattree.log",
                "gappa/nuc_mafft.heattree.tree.nexus",
                "gappa/nuc_mafft.heattree.tree.phyloxml",
                "gappa/nuc_mafft.heattree.tree.svg",
                "hmmer",
                "hmmer/PF14720wo.query.hmmalign.masked.afa.gz",
                "hmmer/PF14720wo.query.hmmalign.masked.sthlm.gz",
                "hmmer/PF14720wo.query.hmmalign.sto.gz",
                "hmmer/PF14720wo.ref.hmm.gz",
                "hmmer/PF14720wo.ref.hmmalign.masked.afa.gz",
                "hmmer/PF14720wo.ref.hmmalign.masked.sthlm.gz",
                "hmmer/PF14720wo.ref.hmmalign.sto.gz",
                "hmmer/PF14720wo.ref.hmmbuild.txt",
                "hmmer/PF14720wo.ref.unaligned.afa.gz",
                "hmmer/PF14720wt.query.hmmalign.masked.afa.gz",
                "hmmer/PF14720wt.query.hmmalign.masked.sthlm.gz",
                "hmmer/PF14720wt.query.hmmalign.sto.gz",
                "hmmer/PF14720wt.ref.hmm.gz",
                "hmmer/PF14720wt.ref.hmmalign.masked.afa.gz",
                "hmmer/PF14720wt.ref.hmmalign.masked.sthlm.gz",
                "hmmer/PF14720wt.ref.hmmalign.sto.gz",
                "hmmer/PF14720wt.ref.hmmbuild.txt",
                "hmmer/PF14720wt.ref.unaligned.afa.gz",
                "hmmer/nuc_hmmer.query.hmmalign.masked.afa.gz",
                "hmmer/nuc_hmmer.query.hmmalign.masked.sthlm.gz",
                "hmmer/nuc_hmmer.query.hmmalign.sto.gz",
                "hmmer/nuc_hmmer.ref.hmm.gz",
                "hmmer/nuc_hmmer.ref.hmmalign.masked.afa.gz",
                "hmmer/nuc_hmmer.ref.hmmalign.masked.sthlm.gz",
                "hmmer/nuc_hmmer.ref.hmmalign.sto.gz",
                "hmmer/nuc_hmmer.ref.hmmbuild.txt",
                "hmmer/nuc_hmmer.ref.unaligned.afa.gz",
                "mafft",
                "mafft/PF14720mafft.fas",
                "mafft/nuc_mafft.fas",
                "multiqc",
                "multiqc/multiqc_data",
                "multiqc/multiqc_data/llms-full.txt",
                "multiqc/multiqc_data/multiqc.log",
                "multiqc/multiqc_data/multiqc.parquet",
                "multiqc/multiqc_data/multiqc_citations.txt",
                "multiqc/multiqc_data/multiqc_data.json",
                "multiqc/multiqc_data/multiqc_software_versions.txt",
                "multiqc/multiqc_data/multiqc_sources.txt",
                "multiqc/multiqc_report.html",
                "pipeline_info",
                "pipeline_info/nf_core_phyloplace_software_mqc_versions.yml"
            ],
            [
                "PF14720mafft.query.fasta.gz:md5,ff1159ff8a5d2587fb20309a81da3c29",
                "PF14720mafft.reference.fasta.gz:md5,e7753871101c48c42fc417ce0e9b398a",
                "nuc_mafft.query.fasta.gz:md5,2baad0ba34b2e9dc3fed7de404723dd0",
                "nuc_mafft.reference.fasta.gz:md5,7501f39ac2768edf72df4271b2bc81a3",
                "PF14720mafft.heattree.colours.txt:md5,7704cd341c8693981253ba6d740c1061",
                "PF14720mafft.taxonomy.labelled_tree.newick:md5,39de8a46303ea757f6eb94478db1ffe0",
                "PF14720wo.heattree.colours.txt:md5,7704cd341c8693981253ba6d740c1061",
                "PF14720wt.heattree.colours.txt:md5,7704cd341c8693981253ba6d740c1061",
                "PF14720wt.taxonomy.labelled_tree.newick:md5,39de8a46303ea757f6eb94478db1ffe0",
                "nuc_hmmer.heattree.colours.txt:md5,060d5679b75e45b2985fd4414c29aa43",
                "nuc_mafft.heattree.colours.txt:md5,6270886accbc76484791c5a96da851ad",
                "PF14720wo.query.hmmalign.masked.afa.gz:md5,69b6d82789587f368da4d808ce20744a",
                "PF14720wo.query.hmmalign.masked.sthlm.gz:md5,56a12b2dca9c8374665db99d9af500f3",
                "PF14720wo.query.hmmalign.sto.gz:md5,3ec5592a7fd7188a8d14176d894feea5",
                "PF14720wo.ref.hmmalign.masked.afa.gz:md5,3452f0d4646209116c3b60f1c77d5ba3",
                "PF14720wo.ref.hmmalign.masked.sthlm.gz:md5,b470181ddc1af95e3b2b5118d1d7a99d",
                "PF14720wo.ref.hmmalign.sto.gz:md5,bf7853d45ac93f47f1722ee2af7ca0dc",
                "PF14720wo.ref.unaligned.afa.gz:md5,157926898092d435beb308f8880a3910",
                "PF14720wt.query.hmmalign.masked.afa.gz:md5,69b6d82789587f368da4d808ce20744a",
                "PF14720wt.query.hmmalign.masked.sthlm.gz:md5,56a12b2dca9c8374665db99d9af500f3",
                "PF14720wt.query.hmmalign.sto.gz:md5,3ec5592a7fd7188a8d14176d894feea5",
                "PF14720wt.ref.hmmalign.masked.afa.gz:md5,3452f0d4646209116c3b60f1c77d5ba3",
                "PF14720wt.ref.hmmalign.masked.sthlm.gz:md5,b470181ddc1af95e3b2b5118d1d7a99d",
                "PF14720wt.ref.hmmalign.sto.gz:md5,bf7853d45ac93f47f1722ee2af7ca0dc",
                "PF14720wt.ref.unaligned.afa.gz:md5,157926898092d435beb308f8880a3910",
                "nuc_hmmer.query.hmmalign.masked.afa.gz:md5,2b2e05e1e7d0e6947457aff0294c3593",
                "nuc_hmmer.query.hmmalign.masked.sthlm.gz:md5,2a2bf28847245a5c8cafdcd4d135f1e4",
                "nuc_hmmer.query.hmmalign.sto.gz:md5,22ec7a56809b8601940152580ba573f8",
                "nuc_hmmer.ref.hmmalign.masked.afa.gz:md5,47e88ae468cb5c07dbe7dda0111b8f75",
                "nuc_hmmer.ref.hmmalign.masked.sthlm.gz:md5,d7b5c3a226f1cd372709097be4711d6d",
                "nuc_hmmer.ref.hmmalign.sto.gz:md5,a7b41fbd6f915854ec3c67ea3d333e9c",
                "nuc_hmmer.ref.unaligned.afa.gz:md5,3cc3e86ece1474c03803c1c3c3810129",
                "PF14720mafft.fas:md5,30090ede37d92efe6000c5d1436f6b26",
                "nuc_mafft.fas:md5,6c36484acde5e80b9f1bbe4a4bc132e6",
                "multiqc_citations.txt:md5,4c806e63a283ec1b7e78cdae3a923d4f"
            ]
        ],
        "timestamp": "2026-06-01T12:50:11.226456046",
        "meta": {
            "nf-test": "0.9.5",
            "nextflow": "26.04.3"
        }
    }
}